\BOOKMARK [1][-]{section.1}{\376\377\116\373\122\241\133\232\116\111}{}% 1
\BOOKMARK [1][-]{section.2}{\376\377\140\073\117\123\147\266\147\204}{}% 2
\BOOKMARK [1][-]{section.3}{\376\377\121\263\173\126\155\101\172\013}{}% 3
\BOOKMARK [2][-]{subsection.3.1}{\376\377\122\035\131\313\123\026}{section.3}% 4
\BOOKMARK [2][-]{subsection.3.2}{\376\377\123\125\153\145\121\263\173\126}{section.3}% 5
\BOOKMARK [2][-]{subsection.3.3}{\376\377\217\336\176\355\217\320\210\114}{section.3}% 6
\BOOKMARK [1][-]{section.4}{\376\377\211\302\155\113\210\150\171\072}{}% 7
\BOOKMARK [1][-]{section.5}{\376\377\217\223\121\372\150\074\137\017}{}% 8
\BOOKMARK [1][-]{section.6}{\376\377\232\330\134\102\122\250\117\134\172\172\225\364}{}% 9
\BOOKMARK [1][-]{section.7}{\376\377\144\034\175\042\213\260\137\306}{}% 10
\BOOKMARK [1][-]{section.8}{\376\377\166\356\150\007\123\302\200\003\126\376\120\317\147\072\122\066}{}% 11
\BOOKMARK [1][-]{section.9}{\376\377\225\031\213\357\140\142\131\015\147\072\122\066}{}% 12
\BOOKMARK [1][-]{section.10}{\376\377\217\150\217\371\213\260\137\125}{}% 13
\BOOKMARK [1][-]{section.11}{\376\377\134\100\226\120}{}% 14
\BOOKMARK [1][-]{section.12}{\376\377\140\073\176\323}{}% 15
\BOOKMARK [1][-]{appendix.A}{\376\377\000P\000r\000o\000m\000p\000t\000\040\213\276\213\241}{}% 16
\BOOKMARK [2][-]{subsection.A.1}{\376\377\000P\000r\000o\000m\000p\000t\000\040\140\073\117\123\166\356\150\007}{appendix.A}% 17
\BOOKMARK [2][-]{subsection.A.2}{\376\377\000S\000y\000s\000t\000e\000m\000\040\000P\000r\000o\000m\000p\000t\000\040\176\323\147\204}{appendix.A}% 18
\BOOKMARK [2][-]{subsection.A.3}{\376\377\000U\000s\000e\000r\000\040\000P\000r\000o\000m\000p\000t\000\040\000P\000a\000y\000l\000o\000a\000d}{appendix.A}% 19
\BOOKMARK [2][-]{subsection.A.4}{\376\377\217\223\121\372\000\040\000J\000S\000O\000N\000\040\176\246\147\137}{appendix.A}% 20
\BOOKMARK [2][-]{subsection.A.5}{\376\377\122\250\117\134\172\172\225\364\176\246\147\137}{appendix.A}% 21
\BOOKMARK [2][-]{subsection.A.6}{\376\377\000o\000b\000s\000e\000r\000v\000e\000\040\131\032\211\306\211\322\213\364\146\016}{appendix.A}% 22
\BOOKMARK [2][-]{subsection.A.7}{\376\377\211\343\147\220\131\061\215\045\140\142\131\015\000\040\000P\000r\000o\000m\000p\000t}{appendix.A}% 23
